Archive member included because of file (symbol)

c:/winavr-20090313/bin/../lib/gcc/avr/4.3.2/avr6\libgcc.a(_udivmodhi4.o)
                              Esterel.o (__udivmodhi4)
c:/winavr-20090313/bin/../lib/gcc/avr/4.3.2/avr6\libgcc.a(_divmodhi4.o)
                              Esterel.o (__divmodhi4)
c:/winavr-20090313/bin/../lib/gcc/avr/4.3.2/avr6\libgcc.a(_exit.o)
                              c:/winavr-20090313/bin/../lib/gcc/avr/4.3.2/../../../../avr/lib/avr6/crtm2560.o (exit)
c:/winavr-20090313/bin/../lib/gcc/avr/4.3.2/avr6\libgcc.a(_clear_bss.o)
                              Esterel.o (__do_clear_bss)
c:/winavr-20090313/bin/../lib/gcc/avr/4.3.2/avr6\libgcc.a(_fixunssfsi.o)
                              Esterel.o (__fixunssfsi)
c:/winavr-20090313/bin/../lib/gcc/avr/4.3.2/avr6\libgcc.a(_addsub_sf.o)
                              c:/winavr-20090313/bin/../lib/gcc/avr/4.3.2/avr6\libgcc.a(_fixunssfsi.o) (__subsf3)
c:/winavr-20090313/bin/../lib/gcc/avr/4.3.2/avr6\libgcc.a(_mul_sf.o)
                              Esterel.o (__mulsf3)
c:/winavr-20090313/bin/../lib/gcc/avr/4.3.2/avr6\libgcc.a(_div_sf.o)
                              Esterel.o (__divsf3)
c:/winavr-20090313/bin/../lib/gcc/avr/4.3.2/avr6\libgcc.a(_gt_sf.o)
                              Esterel.o (__gtsf2)
c:/winavr-20090313/bin/../lib/gcc/avr/4.3.2/avr6\libgcc.a(_ge_sf.o)
                              c:/winavr-20090313/bin/../lib/gcc/avr/4.3.2/avr6\libgcc.a(_fixunssfsi.o) (__gesf2)
c:/winavr-20090313/bin/../lib/gcc/avr/4.3.2/avr6\libgcc.a(_lt_sf.o)
                              Esterel.o (__ltsf2)
c:/winavr-20090313/bin/../lib/gcc/avr/4.3.2/avr6\libgcc.a(_si_to_sf.o)
                              Esterel.o (__floatsisf)
c:/winavr-20090313/bin/../lib/gcc/avr/4.3.2/avr6\libgcc.a(_sf_to_si.o)
                              Esterel.o (__fixsfsi)
c:/winavr-20090313/bin/../lib/gcc/avr/4.3.2/avr6\libgcc.a(_thenan_sf.o)
                              c:/winavr-20090313/bin/../lib/gcc/avr/4.3.2/avr6\libgcc.a(_addsub_sf.o) (__thenan_sf)
c:/winavr-20090313/bin/../lib/gcc/avr/4.3.2/avr6\libgcc.a(_usi_to_sf.o)
                              Esterel.o (__floatunsisf)
c:/winavr-20090313/bin/../lib/gcc/avr/4.3.2/avr6\libgcc.a(_prologue.o)
                              c:/winavr-20090313/bin/../lib/gcc/avr/4.3.2/avr6\libgcc.a(_addsub_sf.o) (__prologue_saves__)
c:/winavr-20090313/bin/../lib/gcc/avr/4.3.2/avr6\libgcc.a(_epilogue.o)
                              c:/winavr-20090313/bin/../lib/gcc/avr/4.3.2/avr6\libgcc.a(_addsub_sf.o) (__epilogue_restores__)
c:/winavr-20090313/bin/../lib/gcc/avr/4.3.2/avr6\libgcc.a(_clzsi2.o)
                              c:/winavr-20090313/bin/../lib/gcc/avr/4.3.2/avr6\libgcc.a(_si_to_sf.o) (__clzsi2)
c:/winavr-20090313/bin/../lib/gcc/avr/4.3.2/avr6\libgcc.a(_pack_sf.o)
                              c:/winavr-20090313/bin/../lib/gcc/avr/4.3.2/avr6\libgcc.a(_addsub_sf.o) (__pack_f)
c:/winavr-20090313/bin/../lib/gcc/avr/4.3.2/avr6\libgcc.a(_unpack_sf.o)
                              c:/winavr-20090313/bin/../lib/gcc/avr/4.3.2/avr6\libgcc.a(_addsub_sf.o) (__unpack_f)
c:/winavr-20090313/bin/../lib/gcc/avr/4.3.2/avr6\libgcc.a(_fpcmp_parts_sf.o)
                              c:/winavr-20090313/bin/../lib/gcc/avr/4.3.2/avr6\libgcc.a(_gt_sf.o) (__fpcmp_parts_f)
c:/winavr-20090313/bin/../lib/gcc/avr/4.3.2/avr6\libgcc.a(_clz.o)
                              c:/winavr-20090313/bin/../lib/gcc/avr/4.3.2/avr6\libgcc.a(_clzsi2.o) (__clz_tab)
c:/winavr-20090313/bin/../lib/gcc/avr/4.3.2/../../../../avr/lib/avr6\libc.a(strlen.o)
                              Esterel.o (strlen)
c:/winavr-20090313/bin/../lib/gcc/avr/4.3.2/../../../../avr/lib/avr6\libc.a(pow.o)
                              Esterel.o (pow)
c:/winavr-20090313/bin/../lib/gcc/avr/4.3.2/../../../../avr/lib/avr6\libc.a(exp.o)
                              c:/winavr-20090313/bin/../lib/gcc/avr/4.3.2/../../../../avr/lib/avr6\libc.a(pow.o) (exp)
c:/winavr-20090313/bin/../lib/gcc/avr/4.3.2/../../../../avr/lib/avr6\libc.a(fp_inf.o)
                              c:/winavr-20090313/bin/../lib/gcc/avr/4.3.2/../../../../avr/lib/avr6\libc.a(exp.o) (__fp_inf)
c:/winavr-20090313/bin/../lib/gcc/avr/4.3.2/../../../../avr/lib/avr6\libc.a(fp_nan.o)
                              c:/winavr-20090313/bin/../lib/gcc/avr/4.3.2/../../../../avr/lib/avr6\libc.a(pow.o) (__fp_nan)
c:/winavr-20090313/bin/../lib/gcc/avr/4.3.2/../../../../avr/lib/avr6\libc.a(fp_powser.o)
                              c:/winavr-20090313/bin/../lib/gcc/avr/4.3.2/../../../../avr/lib/avr6\libc.a(exp.o) (__fp_powser)
c:/winavr-20090313/bin/../lib/gcc/avr/4.3.2/../../../../avr/lib/avr6\libc.a(fp_split3.o)
                              c:/winavr-20090313/bin/../lib/gcc/avr/4.3.2/../../../../avr/lib/avr6\libc.a(exp.o) (__fp_splitA)
c:/winavr-20090313/bin/../lib/gcc/avr/4.3.2/../../../../avr/lib/avr6\libc.a(fp_zero.o)
                              c:/winavr-20090313/bin/../lib/gcc/avr/4.3.2/../../../../avr/lib/avr6\libc.a(exp.o) (__fp_zero)
c:/winavr-20090313/bin/../lib/gcc/avr/4.3.2/../../../../avr/lib/avr6\libc.a(inverse.o)
                              c:/winavr-20090313/bin/../lib/gcc/avr/4.3.2/../../../../avr/lib/avr6\libc.a(exp.o) (inverse)
c:/winavr-20090313/bin/../lib/gcc/avr/4.3.2/../../../../avr/lib/avr6\libc.a(ldexp.o)
                              c:/winavr-20090313/bin/../lib/gcc/avr/4.3.2/../../../../avr/lib/avr6\libc.a(exp.o) (ldexp)
c:/winavr-20090313/bin/../lib/gcc/avr/4.3.2/../../../../avr/lib/avr6\libc.a(log.o)
                              c:/winavr-20090313/bin/../lib/gcc/avr/4.3.2/../../../../avr/lib/avr6\libc.a(pow.o) (log)
c:/winavr-20090313/bin/../lib/gcc/avr/4.3.2/../../../../avr/lib/avr6\libc.a(modf.o)
                              c:/winavr-20090313/bin/../lib/gcc/avr/4.3.2/../../../../avr/lib/avr6\libc.a(exp.o) (modf)
c:/winavr-20090313/bin/../lib/gcc/avr/4.3.2/../../../../avr/lib/avr6\libc.a(mulsf3x.o)
                              c:/winavr-20090313/bin/../lib/gcc/avr/4.3.2/../../../../avr/lib/avr6\libc.a(fp_powser.o) (__mulsf3x)
c:/winavr-20090313/bin/../lib/gcc/avr/4.3.2/../../../../avr/lib/avr6\libc.a(addsf3x.o)
                              c:/winavr-20090313/bin/../lib/gcc/avr/4.3.2/../../../../avr/lib/avr6\libc.a(fp_powser.o) (__addsf3x)
c:/winavr-20090313/bin/../lib/gcc/avr/4.3.2/../../../../avr/lib/avr6\libc.a(fp_mpack.o)
                              c:/winavr-20090313/bin/../lib/gcc/avr/4.3.2/../../../../avr/lib/avr6\libc.a(ldexp.o) (__fp_mpack)
c:/winavr-20090313/bin/../lib/gcc/avr/4.3.2/../../../../avr/lib/avr6\libc.a(fp_pscA.o)
                              c:/winavr-20090313/bin/../lib/gcc/avr/4.3.2/../../../../avr/lib/avr6\libc.a(mulsf3x.o) (__fp_pscA)
c:/winavr-20090313/bin/../lib/gcc/avr/4.3.2/../../../../avr/lib/avr6\libc.a(fp_pscB.o)
                              c:/winavr-20090313/bin/../lib/gcc/avr/4.3.2/../../../../avr/lib/avr6\libc.a(mulsf3x.o) (__fp_pscB)
c:/winavr-20090313/bin/../lib/gcc/avr/4.3.2/../../../../avr/lib/avr6\libc.a(fp_round.o)
                              c:/winavr-20090313/bin/../lib/gcc/avr/4.3.2/../../../../avr/lib/avr6\libc.a(log.o) (__fp_round)

Allocating common symbols
Common symbol       size              file

million             0x2               Esterel.o
temp                0x2               Esterel.o
ADC_Value           0x1               Esterel.o
gesture             0x2               Esterel.o
i                   0x2               Esterel.o
tens                0x2               Esterel.o
hundred             0x2               Esterel.o
unit                0x2               Esterel.o
thousand            0x2               Esterel.o

Memory Configuration

Name             Origin             Length             Attributes
text             0x00000000         0x00100000         xr
data             0x00800200         0x0000fe00         rw !x
eeprom           0x00810000         0x00010000         rw !x
fuse             0x00820000         0x00000400         rw !x
lock             0x00830000         0x00000400         rw !x
signature        0x00840000         0x00000400         rw !x
*default*        0x00000000         0xffffffff

Linker script and memory map

Address of section .data set to 0x800200
LOAD c:/winavr-20090313/bin/../lib/gcc/avr/4.3.2/../../../../avr/lib/avr6/crtm2560.o
LOAD Esterel.o
LOAD c:/winavr-20090313/bin/../lib/gcc/avr/4.3.2/avr6\libgcc.a
LOAD c:/winavr-20090313/bin/../lib/gcc/avr/4.3.2/../../../../avr/lib/avr6\libc.a
LOAD c:/winavr-20090313/bin/../lib/gcc/avr/4.3.2/avr6\libgcc.a

.hash
 *(.hash)

.dynsym
 *(.dynsym)

.dynstr
 *(.dynstr)

.gnu.version
 *(.gnu.version)

.gnu.version_d
 *(.gnu.version_d)

.gnu.version_r
 *(.gnu.version_r)

.rel.init
 *(.rel.init)

.rela.init
 *(.rela.init)

.rel.text
 *(.rel.text)
 *(.rel.text.*)
 *(.rel.gnu.linkonce.t*)

.rela.text
 *(.rela.text)
 *(.rela.text.*)
 *(.rela.gnu.linkonce.t*)

.rel.fini
 *(.rel.fini)

.rela.fini
 *(.rela.fini)

.rel.rodata
 *(.rel.rodata)
 *(.rel.rodata.*)
 *(.rel.gnu.linkonce.r*)

.rela.rodata
 *(.rela.rodata)
 *(.rela.rodata.*)
 *(.rela.gnu.linkonce.r*)

.rel.data
 *(.rel.data)
 *(.rel.data.*)
 *(.rel.gnu.linkonce.d*)

.rela.data
 *(.rela.data)
 *(.rela.data.*)
 *(.rela.gnu.linkonce.d*)

.rel.ctors
 *(.rel.ctors)

.rela.ctors
 *(.rela.ctors)

.rel.dtors
 *(.rel.dtors)

.rela.dtors
 *(.rela.dtors)

.rel.got
 *(.rel.got)

.rela.got
 *(.rela.got)

.rel.bss
 *(.rel.bss)

.rela.bss
 *(.rela.bss)

.rel.plt
 *(.rel.plt)

.rela.plt
 *(.rela.plt)

.text           0x00000000     0x365a
 *(.vectors)
 .vectors       0x00000000       0xe4 c:/winavr-20090313/bin/../lib/gcc/avr/4.3.2/../../../../avr/lib/avr6/crtm2560.o
                0x00000000                __vectors
                0x00000000                __vector_default
 *(.vectors)
 *(.progmem.gcc*)
 .progmem.gcc_fplib
                0x000000e4       0x28 c:/winavr-20090313/bin/../lib/gcc/avr/4.3.2/../../../../avr/lib/avr6\libc.a(exp.o)
 .progmem.gcc_fplib
                0x0000010c       0x5a c:/winavr-20090313/bin/../lib/gcc/avr/4.3.2/../../../../avr/lib/avr6\libc.a(log.o)
 *(.progmem*)
                0x00000166                . = ALIGN (0x2)
                0x00000166                __trampolines_start = .
 *(.trampolines)
 .trampolines   0x00000166        0x0 linker stubs
 *(.trampolines*)
                0x00000166                __trampolines_end = .
 *(.jumptables)
 *(.jumptables*)
 *(.lowtext)
 *(.lowtext*)
                0x00000166                __ctors_start = .
 *(.ctors)
                0x00000166                __ctors_end = .
                0x00000166                __dtors_start = .
 *(.dtors)
                0x00000166                __dtors_end = .
 SORT(*)(.ctors)
 SORT(*)(.dtors)
 *(.init0)
 .init0         0x00000166        0x0 c:/winavr-20090313/bin/../lib/gcc/avr/4.3.2/../../../../avr/lib/avr6/crtm2560.o
                0x00000166                __init
 *(.init0)
 *(.init1)
 *(.init1)
 *(.init2)
 .init2         0x00000166       0x10 c:/winavr-20090313/bin/../lib/gcc/avr/4.3.2/../../../../avr/lib/avr6/crtm2560.o
 *(.init2)
 *(.init3)
 *(.init3)
 *(.init4)
 .init4         0x00000176       0x1a c:/winavr-20090313/bin/../lib/gcc/avr/4.3.2/../../../../avr/lib/avr6/crtm2560.o
                0x00000176                __do_copy_data
 .init4         0x00000190       0x10 c:/winavr-20090313/bin/../lib/gcc/avr/4.3.2/avr6\libgcc.a(_clear_bss.o)
                0x00000190                __do_clear_bss
 *(.init4)
 *(.init5)
 *(.init5)
 *(.init6)
 *(.init6)
 *(.init7)
 *(.init7)
 *(.init8)
 *(.init8)
 *(.init9)
 .init9         0x000001a0        0x8 c:/winavr-20090313/bin/../lib/gcc/avr/4.3.2/../../../../avr/lib/avr6/crtm2560.o
 *(.init9)
 *(.text)
 .text          0x000001a8        0x4 c:/winavr-20090313/bin/../lib/gcc/avr/4.3.2/../../../../avr/lib/avr6/crtm2560.o
                0x000001a8                __vector_38
                0x000001a8                __vector_22
                0x000001a8                __vector_28
                0x000001a8                __vector_1
                0x000001a8                __vector_32
                0x000001a8                __vector_34
                0x000001a8                __vector_24
                0x000001a8                __vector_12
                0x000001a8                __vector_55
                0x000001a8                __vector_46
                0x000001a8                __bad_interrupt
                0x000001a8                __vector_6
                0x000001a8                __vector_31
                0x000001a8                __vector_35
                0x000001a8                __vector_39
                0x000001a8                __vector_3
                0x000001a8                __vector_23
                0x000001a8                __vector_30
                0x000001a8                __vector_45
                0x000001a8                __vector_11
                0x000001a8                __vector_54
                0x000001a8                __vector_13
                0x000001a8                __vector_17
                0x000001a8                __vector_19
                0x000001a8                __vector_56
                0x000001a8                __vector_7
                0x000001a8                __vector_49
                0x000001a8                __vector_41
                0x000001a8                __vector_43
                0x000001a8                __vector_27
                0x000001a8                __vector_5
                0x000001a8                __vector_33
                0x000001a8                __vector_47
                0x000001a8                __vector_52
                0x000001a8                __vector_37
                0x000001a8                __vector_4
                0x000001a8                __vector_44
                0x000001a8                __vector_51
                0x000001a8                __vector_9
                0x000001a8                __vector_2
                0x000001a8                __vector_21
                0x000001a8                __vector_15
                0x000001a8                __vector_36
                0x000001a8                __vector_29
                0x000001a8                __vector_40
                0x000001a8                __vector_8
                0x000001a8                __vector_26
                0x000001a8                __vector_48
                0x000001a8                __vector_14
                0x000001a8                __vector_53
                0x000001a8                __vector_10
                0x000001a8                __vector_50
                0x000001a8                __vector_16
                0x000001a8                __vector_18
                0x000001a8                __vector_20
                0x000001a8                __vector_42
 .text          0x000001ac     0x2096 Esterel.o
                0x000004d2                port_init
                0x00001b3e                itoa1
                0x000003bc                timer5_init
                0x00001a94                reverse
                0x0000219c                Obstacle_Avoidance_O_MOTOR_RIGHT_SPEED
                0x00000358                MOVE_SOFT_LEFT
                0x000006c0                front_dist_mm
                0x00002202                Obstacle_Avoidance_O_MOVE_FWD
                0x0000020e                motion_pin_config
                0x0000036c                MOVE_SOFT_RIGHT
                0x00000478                MOTOR_RIGHT_SPEED
                0x000001ac                __vector_25
                0x00001eb0                Obstacle_Avoidance
                0x00000394                MOVE_INPLACE_RIGHT
                0x0000028c                init_devices
                0x000017ce                lcd_home
                0x0000151a                lcd_wr_char
                0x000017e2                lcd_string
                0x00000254                uart0_init
                0x000021e8                Obstacle_Avoidance_O_MOVE_REV
                0x000018a0                lcd_print
                0x00001c60                buzzer_delay
                0x00001266                lcd_wr_command
                0x0000041a                velocity
                0x0000181c                lcd_cursor
                0x000004e4                init_adc
                0x0000031c                MOVE_REV
                0x00000516                ADC_Conversion
                0x00000344                MOVE_RIGHT
                0x0000113e                lcd_init
                0x00001e80                Obstacle_Avoidance_I_KINECT
                0x0000221c                main
                0x000004ac                adc_pin_config
                0x00001e68                BUZZER_OFF
                0x000003a8                STOP
                0x00001c3e                init_buzzer
                0x000002ca                motion_set
                0x00000330                MOVE_LEFT
                0x00000740                lcd_set_4bit
                0x00000308                MOVE_FWD
                0x00002180                Obstacle_Avoidance_reset
                0x00000444                MOTOR_LEFT_SPEED
                0x00001a68                LCD_DISPLAY_INT_1
                0x000006ec                init_lcd
                0x000021c2                Obstacle_Avoidance_O_MOTOR_LEFT_SPEED
                0x0000058a                init_ir
                0x00000380                MOVE_INPLACE_LEFT
                0x00001e1e                BUZZER_ON
                0x000005de                Sharp_estimation
                0x00001c12                LCD_DISPLAY_INT_2
 .text          0x00002242        0x0 c:/winavr-20090313/bin/../lib/gcc/avr/4.3.2/avr6\libgcc.a(_udivmodhi4.o)
 .text          0x00002242        0x0 c:/winavr-20090313/bin/../lib/gcc/avr/4.3.2/avr6\libgcc.a(_divmodhi4.o)
 .text          0x00002242        0x0 c:/winavr-20090313/bin/../lib/gcc/avr/4.3.2/avr6\libgcc.a(_exit.o)
 .text          0x00002242        0x0 c:/winavr-20090313/bin/../lib/gcc/avr/4.3.2/avr6\libgcc.a(_clear_bss.o)
 .text          0x00002242       0x58 c:/winavr-20090313/bin/../lib/gcc/avr/4.3.2/avr6\libgcc.a(_fixunssfsi.o)
                0x00002242                __fixunssfsi
 .text          0x0000229a      0x354 c:/winavr-20090313/bin/../lib/gcc/avr/4.3.2/avr6\libgcc.a(_addsub_sf.o)
                0x00002532                __subsf3
                0x00002594                __addsf3
 .text          0x000025ee      0x1f4 c:/winavr-20090313/bin/../lib/gcc/avr/4.3.2/avr6\libgcc.a(_mul_sf.o)
                0x000025ee                __mulsf3
 .text          0x000027e2      0x158 c:/winavr-20090313/bin/../lib/gcc/avr/4.3.2/avr6\libgcc.a(_div_sf.o)
                0x000027e2                __divsf3
 .text          0x0000293a       0x60 c:/winavr-20090313/bin/../lib/gcc/avr/4.3.2/avr6\libgcc.a(_gt_sf.o)
                0x0000293a                __gtsf2
 .text          0x0000299a       0x60 c:/winavr-20090313/bin/../lib/gcc/avr/4.3.2/avr6\libgcc.a(_ge_sf.o)
                0x0000299a                __gesf2
 .text          0x000029fa       0x60 c:/winavr-20090313/bin/../lib/gcc/avr/4.3.2/avr6\libgcc.a(_lt_sf.o)
                0x000029fa                __ltsf2
 .text          0x00002a5a       0xbc c:/winavr-20090313/bin/../lib/gcc/avr/4.3.2/avr6\libgcc.a(_si_to_sf.o)
                0x00002a5a                __floatsisf
 .text          0x00002b16       0xa8 c:/winavr-20090313/bin/../lib/gcc/avr/4.3.2/avr6\libgcc.a(_sf_to_si.o)
                0x00002b16                __fixsfsi
 .text          0x00002bbe        0x0 c:/winavr-20090313/bin/../lib/gcc/avr/4.3.2/avr6\libgcc.a(_thenan_sf.o)
 .text          0x00002bbe       0xf2 c:/winavr-20090313/bin/../lib/gcc/avr/4.3.2/avr6\libgcc.a(_usi_to_sf.o)
                0x00002bbe                __floatunsisf
 .text          0x00002cb0        0x0 c:/winavr-20090313/bin/../lib/gcc/avr/4.3.2/avr6\libgcc.a(_prologue.o)
 .text          0x00002cb0        0x0 c:/winavr-20090313/bin/../lib/gcc/avr/4.3.2/avr6\libgcc.a(_epilogue.o)
 .text          0x00002cb0       0x9e c:/winavr-20090313/bin/../lib/gcc/avr/4.3.2/avr6\libgcc.a(_clzsi2.o)
                0x00002cb0                __clzsi2
 .text          0x00002d4e      0x1aa c:/winavr-20090313/bin/../lib/gcc/avr/4.3.2/avr6\libgcc.a(_pack_sf.o)
                0x00002d4e                __pack_f
 .text          0x00002ef8       0xf0 c:/winavr-20090313/bin/../lib/gcc/avr/4.3.2/avr6\libgcc.a(_unpack_sf.o)
                0x00002ef8                __unpack_f
 .text          0x00002fe8       0xb2 c:/winavr-20090313/bin/../lib/gcc/avr/4.3.2/avr6\libgcc.a(_fpcmp_parts_sf.o)
                0x00002fe8                __fpcmp_parts_f
 .text          0x0000309a        0x0 c:/winavr-20090313/bin/../lib/gcc/avr/4.3.2/avr6\libgcc.a(_clz.o)
 .text          0x0000309a       0x12 c:/winavr-20090313/bin/../lib/gcc/avr/4.3.2/../../../../avr/lib/avr6\libc.a(strlen.o)
                0x0000309a                strlen
 .text          0x000030ac        0x0 c:/winavr-20090313/bin/../lib/gcc/avr/4.3.2/../../../../avr/lib/avr6\libc.a(pow.o)
 .text          0x000030ac        0x0 c:/winavr-20090313/bin/../lib/gcc/avr/4.3.2/../../../../avr/lib/avr6\libc.a(exp.o)
 .text          0x000030ac        0x0 c:/winavr-20090313/bin/../lib/gcc/avr/4.3.2/../../../../avr/lib/avr6\libc.a(fp_inf.o)
 .text          0x000030ac        0x0 c:/winavr-20090313/bin/../lib/gcc/avr/4.3.2/../../../../avr/lib/avr6\libc.a(fp_nan.o)
 .text          0x000030ac        0x0 c:/winavr-20090313/bin/../lib/gcc/avr/4.3.2/../../../../avr/lib/avr6\libc.a(fp_powser.o)
 .text          0x000030ac        0x0 c:/winavr-20090313/bin/../lib/gcc/avr/4.3.2/../../../../avr/lib/avr6\libc.a(fp_split3.o)
 .text          0x000030ac        0x0 c:/winavr-20090313/bin/../lib/gcc/avr/4.3.2/../../../../avr/lib/avr6\libc.a(fp_zero.o)
 .text          0x000030ac        0x0 c:/winavr-20090313/bin/../lib/gcc/avr/4.3.2/../../../../avr/lib/avr6\libc.a(inverse.o)
 .text          0x000030ac        0x0 c:/winavr-20090313/bin/../lib/gcc/avr/4.3.2/../../../../avr/lib/avr6\libc.a(ldexp.o)
 .text          0x000030ac        0x0 c:/winavr-20090313/bin/../lib/gcc/avr/4.3.2/../../../../avr/lib/avr6\libc.a(log.o)
 .text          0x000030ac        0x0 c:/winavr-20090313/bin/../lib/gcc/avr/4.3.2/../../../../avr/lib/avr6\libc.a(modf.o)
 .text          0x000030ac        0x0 c:/winavr-20090313/bin/../lib/gcc/avr/4.3.2/../../../../avr/lib/avr6\libc.a(mulsf3x.o)
 .text          0x000030ac        0x0 c:/winavr-20090313/bin/../lib/gcc/avr/4.3.2/../../../../avr/lib/avr6\libc.a(addsf3x.o)
 .text          0x000030ac        0x0 c:/winavr-20090313/bin/../lib/gcc/avr/4.3.2/../../../../avr/lib/avr6\libc.a(fp_mpack.o)
 .text          0x000030ac        0x0 c:/winavr-20090313/bin/../lib/gcc/avr/4.3.2/../../../../avr/lib/avr6\libc.a(fp_pscA.o)
 .text          0x000030ac        0x0 c:/winavr-20090313/bin/../lib/gcc/avr/4.3.2/../../../../avr/lib/avr6\libc.a(fp_pscB.o)
 .text          0x000030ac        0x0 c:/winavr-20090313/bin/../lib/gcc/avr/4.3.2/../../../../avr/lib/avr6\libc.a(fp_round.o)
                0x000030ac                . = ALIGN (0x2)
 *(.text.*)
 .text.libgcc   0x000030ac       0x28 c:/winavr-20090313/bin/../lib/gcc/avr/4.3.2/avr6\libgcc.a(_udivmodhi4.o)
                0x000030ac                __udivmodhi4
 .text.libgcc   0x000030d4       0x26 c:/winavr-20090313/bin/../lib/gcc/avr/4.3.2/avr6\libgcc.a(_divmodhi4.o)
                0x000030d4                __divmodhi4
                0x000030d4                _div
 .text.libgcc   0x000030fa        0x0 c:/winavr-20090313/bin/../lib/gcc/avr/4.3.2/avr6\libgcc.a(_exit.o)
 .text.libgcc   0x000030fa        0x0 c:/winavr-20090313/bin/../lib/gcc/avr/4.3.2/avr6\libgcc.a(_clear_bss.o)
 .text.libgcc   0x000030fa       0x38 c:/winavr-20090313/bin/../lib/gcc/avr/4.3.2/avr6\libgcc.a(_prologue.o)
                0x000030fa                __prologue_saves__
 .text.libgcc   0x00003132       0x36 c:/winavr-20090313/bin/../lib/gcc/avr/4.3.2/avr6\libgcc.a(_epilogue.o)
                0x00003132                __epilogue_restores__
 .text.fplib    0x00003168       0x98 c:/winavr-20090313/bin/../lib/gcc/avr/4.3.2/../../../../avr/lib/avr6\libc.a(pow.o)
                0x00003168                pow
 .text.fplib    0x00003200       0x62 c:/winavr-20090313/bin/../lib/gcc/avr/4.3.2/../../../../avr/lib/avr6\libc.a(exp.o)
                0x0000320a                exp
 .text.fplib    0x00003262        0xc c:/winavr-20090313/bin/../lib/gcc/avr/4.3.2/../../../../avr/lib/avr6\libc.a(fp_inf.o)
                0x00003262                __fp_inf
 .text.fplib    0x0000326e        0x6 c:/winavr-20090313/bin/../lib/gcc/avr/4.3.2/../../../../avr/lib/avr6\libc.a(fp_nan.o)
                0x0000326e                __fp_nan
 .text.fplib    0x00003274       0x4a c:/winavr-20090313/bin/../lib/gcc/avr/4.3.2/../../../../avr/lib/avr6\libc.a(fp_powser.o)
                0x00003274                __fp_powser
 .text.fplib    0x000032be       0x44 c:/winavr-20090313/bin/../lib/gcc/avr/4.3.2/../../../../avr/lib/avr6\libc.a(fp_split3.o)
                0x000032be                __fp_split3
                0x000032ce                __fp_splitA
 .text.fplib    0x00003302        0xe c:/winavr-20090313/bin/../lib/gcc/avr/4.3.2/../../../../avr/lib/avr6\libc.a(fp_zero.o)
                0x00003302                __fp_zero
                0x00003304                __fp_szero
 .text.fplib    0x00003310        0xe c:/winavr-20090313/bin/../lib/gcc/avr/4.3.2/../../../../avr/lib/avr6\libc.a(inverse.o)
                0x00003310                inverse
 .text.fplib    0x0000331e       0x6c c:/winavr-20090313/bin/../lib/gcc/avr/4.3.2/../../../../avr/lib/avr6\libc.a(ldexp.o)
                0x00003322                ldexp
 .text.fplib    0x0000338a       0x8a c:/winavr-20090313/bin/../lib/gcc/avr/4.3.2/../../../../avr/lib/avr6\libc.a(log.o)
                0x00003394                log
 .text.fplib    0x00003414       0x66 c:/winavr-20090313/bin/../lib/gcc/avr/4.3.2/../../../../avr/lib/avr6\libc.a(modf.o)
                0x00003414                modf
 .text.fplib    0x0000347a       0xc2 c:/winavr-20090313/bin/../lib/gcc/avr/4.3.2/../../../../avr/lib/avr6\libc.a(mulsf3x.o)
                0x00003492                __mulsf3_pse
                0x0000348e                __mulsf3x
 .text.fplib    0x0000353c       0xc0 c:/winavr-20090313/bin/../lib/gcc/avr/4.3.2/../../../../avr/lib/avr6\libc.a(addsf3x.o)
                0x00003556                __addsf3x
 .text.fplib    0x000035fc       0x1c c:/winavr-20090313/bin/../lib/gcc/avr/4.3.2/../../../../avr/lib/avr6\libc.a(fp_mpack.o)
                0x00003600                __fp_mpack_finite
                0x000035fc                __fp_mpack
 .text.fplib    0x00003618        0xe c:/winavr-20090313/bin/../lib/gcc/avr/4.3.2/../../../../avr/lib/avr6\libc.a(fp_pscA.o)
                0x00003618                __fp_pscA
 .text.fplib    0x00003626        0xe c:/winavr-20090313/bin/../lib/gcc/avr/4.3.2/../../../../avr/lib/avr6\libc.a(fp_pscB.o)
                0x00003626                __fp_pscB
 .text.fplib    0x00003634       0x22 c:/winavr-20090313/bin/../lib/gcc/avr/4.3.2/../../../../avr/lib/avr6\libc.a(fp_round.o)
                0x00003634                __fp_round
                0x00003656                . = ALIGN (0x2)
 *(.fini9)
 .fini9         0x00003656        0x0 c:/winavr-20090313/bin/../lib/gcc/avr/4.3.2/avr6\libgcc.a(_exit.o)
                0x00003656                exit
                0x00003656                _exit
 *(.fini9)
 *(.fini8)
 *(.fini8)
 *(.fini7)
 *(.fini7)
 *(.fini6)
 *(.fini6)
 *(.fini5)
 *(.fini5)
 *(.fini4)
 *(.fini4)
 *(.fini3)
 *(.fini3)
 *(.fini2)
 *(.fini2)
 *(.fini1)
 *(.fini1)
 *(.fini0)
 .fini0         0x00003656        0x4 c:/winavr-20090313/bin/../lib/gcc/avr/4.3.2/avr6\libgcc.a(_exit.o)
 *(.fini0)
                0x0000365a                _etext = .

.data           0x00800200      0x110 load address 0x0000365a
                0x00800200                PROVIDE (__data_start, .)
 *(.data)
 .data          0x00800200        0x0 c:/winavr-20090313/bin/../lib/gcc/avr/4.3.2/../../../../avr/lib/avr6/crtm2560.o
 .data          0x00800200        0x7 Esterel.o
 .data          0x00800207        0x0 c:/winavr-20090313/bin/../lib/gcc/avr/4.3.2/avr6\libgcc.a(_udivmodhi4.o)
 .data          0x00800207        0x0 c:/winavr-20090313/bin/../lib/gcc/avr/4.3.2/avr6\libgcc.a(_divmodhi4.o)
 .data          0x00800207        0x0 c:/winavr-20090313/bin/../lib/gcc/avr/4.3.2/avr6\libgcc.a(_exit.o)
 .data          0x00800207        0x0 c:/winavr-20090313/bin/../lib/gcc/avr/4.3.2/avr6\libgcc.a(_clear_bss.o)
 .data          0x00800207        0x0 c:/winavr-20090313/bin/../lib/gcc/avr/4.3.2/avr6\libgcc.a(_fixunssfsi.o)
 .data          0x00800207        0x0 c:/winavr-20090313/bin/../lib/gcc/avr/4.3.2/avr6\libgcc.a(_addsub_sf.o)
 .data          0x00800207        0x0 c:/winavr-20090313/bin/../lib/gcc/avr/4.3.2/avr6\libgcc.a(_mul_sf.o)
 .data          0x00800207        0x0 c:/winavr-20090313/bin/../lib/gcc/avr/4.3.2/avr6\libgcc.a(_div_sf.o)
 .data          0x00800207        0x0 c:/winavr-20090313/bin/../lib/gcc/avr/4.3.2/avr6\libgcc.a(_gt_sf.o)
 .data          0x00800207        0x0 c:/winavr-20090313/bin/../lib/gcc/avr/4.3.2/avr6\libgcc.a(_ge_sf.o)
 .data          0x00800207        0x0 c:/winavr-20090313/bin/../lib/gcc/avr/4.3.2/avr6\libgcc.a(_lt_sf.o)
 .data          0x00800207        0x0 c:/winavr-20090313/bin/../lib/gcc/avr/4.3.2/avr6\libgcc.a(_si_to_sf.o)
 .data          0x00800207        0x0 c:/winavr-20090313/bin/../lib/gcc/avr/4.3.2/avr6\libgcc.a(_sf_to_si.o)
 .data          0x00800207        0x8 c:/winavr-20090313/bin/../lib/gcc/avr/4.3.2/avr6\libgcc.a(_thenan_sf.o)
                0x00800207                __thenan_sf
 .data          0x0080020f        0x0 c:/winavr-20090313/bin/../lib/gcc/avr/4.3.2/avr6\libgcc.a(_usi_to_sf.o)
 .data          0x0080020f        0x0 c:/winavr-20090313/bin/../lib/gcc/avr/4.3.2/avr6\libgcc.a(_prologue.o)
 .data          0x0080020f        0x0 c:/winavr-20090313/bin/../lib/gcc/avr/4.3.2/avr6\libgcc.a(_epilogue.o)
 .data          0x0080020f        0x0 c:/winavr-20090313/bin/../lib/gcc/avr/4.3.2/avr6\libgcc.a(_clzsi2.o)
 .data          0x0080020f        0x0 c:/winavr-20090313/bin/../lib/gcc/avr/4.3.2/avr6\libgcc.a(_pack_sf.o)
 .data          0x0080020f        0x0 c:/winavr-20090313/bin/../lib/gcc/avr/4.3.2/avr6\libgcc.a(_unpack_sf.o)
 .data          0x0080020f        0x0 c:/winavr-20090313/bin/../lib/gcc/avr/4.3.2/avr6\libgcc.a(_fpcmp_parts_sf.o)
 .data          0x0080020f      0x100 c:/winavr-20090313/bin/../lib/gcc/avr/4.3.2/avr6\libgcc.a(_clz.o)
                0x0080020f                __clz_tab
 .data          0x0080030f        0x0 c:/winavr-20090313/bin/../lib/gcc/avr/4.3.2/../../../../avr/lib/avr6\libc.a(strlen.o)
 .data          0x0080030f        0x0 c:/winavr-20090313/bin/../lib/gcc/avr/4.3.2/../../../../avr/lib/avr6\libc.a(pow.o)
 .data          0x0080030f        0x0 c:/winavr-20090313/bin/../lib/gcc/avr/4.3.2/../../../../avr/lib/avr6\libc.a(exp.o)
 .data          0x0080030f        0x0 c:/winavr-20090313/bin/../lib/gcc/avr/4.3.2/../../../../avr/lib/avr6\libc.a(fp_inf.o)
 .data          0x0080030f        0x0 c:/winavr-20090313/bin/../lib/gcc/avr/4.3.2/../../../../avr/lib/avr6\libc.a(fp_nan.o)
 .data          0x0080030f        0x0 c:/winavr-20090313/bin/../lib/gcc/avr/4.3.2/../../../../avr/lib/avr6\libc.a(fp_powser.o)
 .data          0x0080030f        0x0 c:/winavr-20090313/bin/../lib/gcc/avr/4.3.2/../../../../avr/lib/avr6\libc.a(fp_split3.o)
 .data          0x0080030f        0x0 c:/winavr-20090313/bin/../lib/gcc/avr/4.3.2/../../../../avr/lib/avr6\libc.a(fp_zero.o)
 .data          0x0080030f        0x0 c:/winavr-20090313/bin/../lib/gcc/avr/4.3.2/../../../../avr/lib/avr6\libc.a(inverse.o)
 .data          0x0080030f        0x0 c:/winavr-20090313/bin/../lib/gcc/avr/4.3.2/../../../../avr/lib/avr6\libc.a(ldexp.o)
 .data          0x0080030f        0x0 c:/winavr-20090313/bin/../lib/gcc/avr/4.3.2/../../../../avr/lib/avr6\libc.a(log.o)
 .data          0x0080030f        0x0 c:/winavr-20090313/bin/../lib/gcc/avr/4.3.2/../../../../avr/lib/avr6\libc.a(modf.o)
 .data          0x0080030f        0x0 c:/winavr-20090313/bin/../lib/gcc/avr/4.3.2/../../../../avr/lib/avr6\libc.a(mulsf3x.o)
 .data          0x0080030f        0x0 c:/winavr-20090313/bin/../lib/gcc/avr/4.3.2/../../../../avr/lib/avr6\libc.a(addsf3x.o)
 .data          0x0080030f        0x0 c:/winavr-20090313/bin/../lib/gcc/avr/4.3.2/../../../../avr/lib/avr6\libc.a(fp_mpack.o)
 .data          0x0080030f        0x0 c:/winavr-20090313/bin/../lib/gcc/avr/4.3.2/../../../../avr/lib/avr6\libc.a(fp_pscA.o)
 .data          0x0080030f        0x0 c:/winavr-20090313/bin/../lib/gcc/avr/4.3.2/../../../../avr/lib/avr6\libc.a(fp_pscB.o)
 .data          0x0080030f        0x0 c:/winavr-20090313/bin/../lib/gcc/avr/4.3.2/../../../../avr/lib/avr6\libc.a(fp_round.o)
 *(.data*)
 *(.rodata)
 *(.rodata*)
 *(.gnu.linkonce.d*)
                0x00800310                . = ALIGN (0x2)
 *fill*         0x0080030f        0x1 00
                0x00800310                _edata = .
                0x00800310                PROVIDE (__data_end, .)

.bss            0x00800310       0x1e
                0x00800310                PROVIDE (__bss_start, .)
 *(.bss)
 .bss           0x00800310        0x0 c:/winavr-20090313/bin/../lib/gcc/avr/4.3.2/../../../../avr/lib/avr6/crtm2560.o
 .bss           0x00800310        0xd Esterel.o
                0x00800311                Left_white_line
                0x00800310                flag
                0x00800313                Right_white_line
                0x00800312                Center_white_line
 .bss           0x0080031d        0x0 c:/winavr-20090313/bin/../lib/gcc/avr/4.3.2/avr6\libgcc.a(_udivmodhi4.o)
 .bss           0x0080031d        0x0 c:/winavr-20090313/bin/../lib/gcc/avr/4.3.2/avr6\libgcc.a(_divmodhi4.o)
 .bss           0x0080031d        0x0 c:/winavr-20090313/bin/../lib/gcc/avr/4.3.2/avr6\libgcc.a(_exit.o)
 .bss           0x0080031d        0x0 c:/winavr-20090313/bin/../lib/gcc/avr/4.3.2/avr6\libgcc.a(_clear_bss.o)
 .bss           0x0080031d        0x0 c:/winavr-20090313/bin/../lib/gcc/avr/4.3.2/avr6\libgcc.a(_fixunssfsi.o)
 .bss           0x0080031d        0x0 c:/winavr-20090313/bin/../lib/gcc/avr/4.3.2/avr6\libgcc.a(_addsub_sf.o)
 .bss           0x0080031d        0x0 c:/winavr-20090313/bin/../lib/gcc/avr/4.3.2/avr6\libgcc.a(_mul_sf.o)
 .bss           0x0080031d        0x0 c:/winavr-20090313/bin/../lib/gcc/avr/4.3.2/avr6\libgcc.a(_div_sf.o)
 .bss           0x0080031d        0x0 c:/winavr-20090313/bin/../lib/gcc/avr/4.3.2/avr6\libgcc.a(_gt_sf.o)
 .bss           0x0080031d        0x0 c:/winavr-20090313/bin/../lib/gcc/avr/4.3.2/avr6\libgcc.a(_ge_sf.o)
 .bss           0x0080031d        0x0 c:/winavr-20090313/bin/../lib/gcc/avr/4.3.2/avr6\libgcc.a(_lt_sf.o)
 .bss           0x0080031d        0x0 c:/winavr-20090313/bin/../lib/gcc/avr/4.3.2/avr6\libgcc.a(_si_to_sf.o)
 .bss           0x0080031d        0x0 c:/winavr-20090313/bin/../lib/gcc/avr/4.3.2/avr6\libgcc.a(_sf_to_si.o)
 .bss           0x0080031d        0x0 c:/winavr-20090313/bin/../lib/gcc/avr/4.3.2/avr6\libgcc.a(_thenan_sf.o)
 .bss           0x0080031d        0x0 c:/winavr-20090313/bin/../lib/gcc/avr/4.3.2/avr6\libgcc.a(_usi_to_sf.o)
 .bss           0x0080031d        0x0 c:/winavr-20090313/bin/../lib/gcc/avr/4.3.2/avr6\libgcc.a(_prologue.o)
 .bss           0x0080031d        0x0 c:/winavr-20090313/bin/../lib/gcc/avr/4.3.2/avr6\libgcc.a(_epilogue.o)
 .bss           0x0080031d        0x0 c:/winavr-20090313/bin/../lib/gcc/avr/4.3.2/avr6\libgcc.a(_clzsi2.o)
 .bss           0x0080031d        0x0 c:/winavr-20090313/bin/../lib/gcc/avr/4.3.2/avr6\libgcc.a(_pack_sf.o)
 .bss           0x0080031d        0x0 c:/winavr-20090313/bin/../lib/gcc/avr/4.3.2/avr6\libgcc.a(_unpack_sf.o)
 .bss           0x0080031d        0x0 c:/winavr-20090313/bin/../lib/gcc/avr/4.3.2/avr6\libgcc.a(_fpcmp_parts_sf.o)
 .bss           0x0080031d        0x0 c:/winavr-20090313/bin/../lib/gcc/avr/4.3.2/avr6\libgcc.a(_clz.o)
 .bss           0x0080031d        0x0 c:/winavr-20090313/bin/../lib/gcc/avr/4.3.2/../../../../avr/lib/avr6\libc.a(strlen.o)
 .bss           0x0080031d        0x0 c:/winavr-20090313/bin/../lib/gcc/avr/4.3.2/../../../../avr/lib/avr6\libc.a(pow.o)
 .bss           0x0080031d        0x0 c:/winavr-20090313/bin/../lib/gcc/avr/4.3.2/../../../../avr/lib/avr6\libc.a(exp.o)
 .bss           0x0080031d        0x0 c:/winavr-20090313/bin/../lib/gcc/avr/4.3.2/../../../../avr/lib/avr6\libc.a(fp_inf.o)
 .bss           0x0080031d        0x0 c:/winavr-20090313/bin/../lib/gcc/avr/4.3.2/../../../../avr/lib/avr6\libc.a(fp_nan.o)
 .bss           0x0080031d        0x0 c:/winavr-20090313/bin/../lib/gcc/avr/4.3.2/../../../../avr/lib/avr6\libc.a(fp_powser.o)
 .bss           0x0080031d        0x0 c:/winavr-20090313/bin/../lib/gcc/avr/4.3.2/../../../../avr/lib/avr6\libc.a(fp_split3.o)
 .bss           0x0080031d        0x0 c:/winavr-20090313/bin/../lib/gcc/avr/4.3.2/../../../../avr/lib/avr6\libc.a(fp_zero.o)
 .bss           0x0080031d        0x0 c:/winavr-20090313/bin/../lib/gcc/avr/4.3.2/../../../../avr/lib/avr6\libc.a(inverse.o)
 .bss           0x0080031d        0x0 c:/winavr-20090313/bin/../lib/gcc/avr/4.3.2/../../../../avr/lib/avr6\libc.a(ldexp.o)
 .bss           0x0080031d        0x0 c:/winavr-20090313/bin/../lib/gcc/avr/4.3.2/../../../../avr/lib/avr6\libc.a(log.o)
 .bss           0x0080031d        0x0 c:/winavr-20090313/bin/../lib/gcc/avr/4.3.2/../../../../avr/lib/avr6\libc.a(modf.o)
 .bss           0x0080031d        0x0 c:/winavr-20090313/bin/../lib/gcc/avr/4.3.2/../../../../avr/lib/avr6\libc.a(mulsf3x.o)
 .bss           0x0080031d        0x0 c:/winavr-20090313/bin/../lib/gcc/avr/4.3.2/../../../../avr/lib/avr6\libc.a(addsf3x.o)
 .bss           0x0080031d        0x0 c:/winavr-20090313/bin/../lib/gcc/avr/4.3.2/../../../../avr/lib/avr6\libc.a(fp_mpack.o)
 .bss           0x0080031d        0x0 c:/winavr-20090313/bin/../lib/gcc/avr/4.3.2/../../../../avr/lib/avr6\libc.a(fp_pscA.o)
 .bss           0x0080031d        0x0 c:/winavr-20090313/bin/../lib/gcc/avr/4.3.2/../../../../avr/lib/avr6\libc.a(fp_pscB.o)
 .bss           0x0080031d        0x0 c:/winavr-20090313/bin/../lib/gcc/avr/4.3.2/../../../../avr/lib/avr6\libc.a(fp_round.o)
 *(.bss*)
 *(COMMON)
 COMMON         0x0080031d       0x11 Esterel.o
                0x0080031d                million
                0x0080031f                temp
                0x00800321                ADC_Value
                0x00800322                gesture
                0x00800324                i
                0x00800326                tens
                0x00800328                hundred
                0x0080032a                unit
                0x0080032c                thousand
                0x0080032e                PROVIDE (__bss_end, .)
                0x0000365a                __data_load_start = LOADADDR (.data)
                0x0000376a                __data_load_end = (__data_load_start + SIZEOF (.data))

.noinit         0x0080032e        0x0
                0x0080032e                PROVIDE (__noinit_start, .)
 *(.noinit*)
                0x0080032e                PROVIDE (__noinit_end, .)
                0x0080032e                _end = .
                0x0080032e                PROVIDE (__heap_start, .)

.eeprom         0x00810000        0x0
 *(.eeprom*)
                0x00810000                __eeprom_end = .

.fuse
 *(.fuse)
 *(.lfuse)
 *(.hfuse)
 *(.efuse)

.lock
 *(.lock*)

.signature
 *(.signature*)

.stab
 *(.stab)

.stabstr
 *(.stabstr)

.stab.excl
 *(.stab.excl)

.stab.exclstr
 *(.stab.exclstr)

.stab.index
 *(.stab.index)

.stab.indexstr
 *(.stab.indexstr)

.comment
 *(.comment)

.debug
 *(.debug)

.line
 *(.line)

.debug_srcinfo
 *(.debug_srcinfo)

.debug_sfnames
 *(.debug_sfnames)

.debug_aranges  0x00000000       0x20
 *(.debug_aranges)
 .debug_aranges
                0x00000000       0x20 Esterel.o

.debug_pubnames
                0x00000000      0x45c
 *(.debug_pubnames)
 .debug_pubnames
                0x00000000      0x45c Esterel.o

.debug_info     0x00000000      0xe31
 *(.debug_info)
 .debug_info    0x00000000      0xe31 Esterel.o
 *(.gnu.linkonce.wi.*)

.debug_abbrev   0x00000000      0x26c
 *(.debug_abbrev)
 .debug_abbrev  0x00000000      0x26c Esterel.o

.debug_line     0x00000000     0x12e5
 *(.debug_line)
 .debug_line    0x00000000     0x12e5 Esterel.o

.debug_frame    0x00000000      0x330
 *(.debug_frame)
 .debug_frame   0x00000000      0x330 Esterel.o

.debug_str      0x00000000      0x4fe
 *(.debug_str)
 .debug_str     0x00000000      0x4fe Esterel.o
                                0x573 (size before relaxing)

.debug_loc
 *(.debug_loc)

.debug_macinfo
 *(.debug_macinfo)
OUTPUT(Esterel.elf elf32-avr)
LOAD linker stubs
